// Jest Snapshot v1, https://goo.gl/fbAQLP

exports[`snapshot testing snapshot for map 1`] = `
<div
  className="container"
>
  <div
    className="divider"
  />
  <div
    className="header"
  >
    <div />
    <p>
      Where
    </p>
  </div>
  <p
    className="name"
  >
    Marina Bay Sands
  </p>
  <p
    className="location"
  >
    10 Bayfront Ave, S018956
  </p>
  <img
    alt="map"
    className="map"
    src="test-file-stub"
  />
</div>
`;
